Archive member included to satisfy reference by file (symbol)

C:/Users/ahmos/Downloads/avr8-gnu-toolchain-4.0.0.52-win32.any.x86_64/avr8-gnu-toolchain-win32_x86_64/bin/../lib/gcc/avr/15.1.0/../../../../avr/lib/avr5\libprintf_flt.a(vfprintf_flt.o)
                              (vfprintf)
C:/Users/ahmos/Downloads/avr8-gnu-toolchain-4.0.0.52-win32.any.x86_64/avr8-gnu-toolchain-win32_x86_64/bin/../lib/gcc/avr/15.1.0/../../../../avr/lib/avr5\libm.a(floatsisf.o)
                              build/default/production/newmain.o (__floatunsisf)
C:/Users/ahmos/Downloads/avr8-gnu-toolchain-4.0.0.52-win32.any.x86_64/avr8-gnu-toolchain-win32_x86_64/bin/../lib/gcc/avr/15.1.0/../../../../avr/lib/avr5\libm.a(mulsf3.o)
                              build/default/production/newmain.o (__mulsf3)
C:/Users/ahmos/Downloads/avr8-gnu-toolchain-4.0.0.52-win32.any.x86_64/avr8-gnu-toolchain-win32_x86_64/bin/../lib/gcc/avr/15.1.0/../../../../avr/lib/avr5\libm.a(mulsf3x.o)
                              C:/Users/ahmos/Downloads/avr8-gnu-toolchain-4.0.0.52-win32.any.x86_64/avr8-gnu-toolchain-win32_x86_64/bin/../lib/gcc/avr/15.1.0/../../../../avr/lib/avr5\libm.a(mulsf3.o) (__mulsf3x)
C:/Users/ahmos/Downloads/avr8-gnu-toolchain-4.0.0.52-win32.any.x86_64/avr8-gnu-toolchain-win32_x86_64/bin/../lib/gcc/avr/15.1.0/../../../../avr/lib/avr5\libm.a(fp_inf.o)
                              C:/Users/ahmos/Downloads/avr8-gnu-toolchain-4.0.0.52-win32.any.x86_64/avr8-gnu-toolchain-win32_x86_64/bin/../lib/gcc/avr/15.1.0/../../../../avr/lib/avr5\libm.a(mulsf3x.o) (__fp_inf)
C:/Users/ahmos/Downloads/avr8-gnu-toolchain-4.0.0.52-win32.any.x86_64/avr8-gnu-toolchain-win32_x86_64/bin/../lib/gcc/avr/15.1.0/../../../../avr/lib/avr5\libm.a(fp_nan.o)
                              C:/Users/ahmos/Downloads/avr8-gnu-toolchain-4.0.0.52-win32.any.x86_64/avr8-gnu-toolchain-win32_x86_64/bin/../lib/gcc/avr/15.1.0/../../../../avr/lib/avr5\libm.a(mulsf3x.o) (__fp_nan)
C:/Users/ahmos/Downloads/avr8-gnu-toolchain-4.0.0.52-win32.any.x86_64/avr8-gnu-toolchain-win32_x86_64/bin/../lib/gcc/avr/15.1.0/../../../../avr/lib/avr5\libm.a(fp_pscA.o)
                              C:/Users/ahmos/Downloads/avr8-gnu-toolchain-4.0.0.52-win32.any.x86_64/avr8-gnu-toolchain-win32_x86_64/bin/../lib/gcc/avr/15.1.0/../../../../avr/lib/avr5\libm.a(mulsf3x.o) (__fp_pscA)
C:/Users/ahmos/Downloads/avr8-gnu-toolchain-4.0.0.52-win32.any.x86_64/avr8-gnu-toolchain-win32_x86_64/bin/../lib/gcc/avr/15.1.0/../../../../avr/lib/avr5\libm.a(fp_pscB.o)
                              C:/Users/ahmos/Downloads/avr8-gnu-toolchain-4.0.0.52-win32.any.x86_64/avr8-gnu-toolchain-win32_x86_64/bin/../lib/gcc/avr/15.1.0/../../../../avr/lib/avr5\libm.a(mulsf3x.o) (__fp_pscB)
C:/Users/ahmos/Downloads/avr8-gnu-toolchain-4.0.0.52-win32.any.x86_64/avr8-gnu-toolchain-win32_x86_64/bin/../lib/gcc/avr/15.1.0/../../../../avr/lib/avr5\libm.a(fp_round.o)
                              C:/Users/ahmos/Downloads/avr8-gnu-toolchain-4.0.0.52-win32.any.x86_64/avr8-gnu-toolchain-win32_x86_64/bin/../lib/gcc/avr/15.1.0/../../../../avr/lib/avr5\libm.a(mulsf3.o) (__fp_round)
C:/Users/ahmos/Downloads/avr8-gnu-toolchain-4.0.0.52-win32.any.x86_64/avr8-gnu-toolchain-win32_x86_64/bin/../lib/gcc/avr/15.1.0/../../../../avr/lib/avr5\libm.a(fp_split3.o)
                              C:/Users/ahmos/Downloads/avr8-gnu-toolchain-4.0.0.52-win32.any.x86_64/avr8-gnu-toolchain-win32_x86_64/bin/../lib/gcc/avr/15.1.0/../../../../avr/lib/avr5\libm.a(mulsf3x.o) (__fp_split3)
C:/Users/ahmos/Downloads/avr8-gnu-toolchain-4.0.0.52-win32.any.x86_64/avr8-gnu-toolchain-win32_x86_64/bin/../lib/gcc/avr/15.1.0/../../../../avr/lib/avr5\libm.a(fp_zero.o)
                              C:/Users/ahmos/Downloads/avr8-gnu-toolchain-4.0.0.52-win32.any.x86_64/avr8-gnu-toolchain-win32_x86_64/bin/../lib/gcc/avr/15.1.0/../../../../avr/lib/avr5\libm.a(mulsf3x.o) (__fp_szero)
C:/Users/ahmos/Downloads/avr8-gnu-toolchain-4.0.0.52-win32.any.x86_64/avr8-gnu-toolchain-win32_x86_64/bin/../lib/gcc/avr/15.1.0/avr5\libgcc.a(_negsi2.o)
                              C:/Users/ahmos/Downloads/avr8-gnu-toolchain-4.0.0.52-win32.any.x86_64/avr8-gnu-toolchain-win32_x86_64/bin/../lib/gcc/avr/15.1.0/../../../../avr/lib/avr5\libprintf_flt.a(vfprintf_flt.o) (__negsi2)
C:/Users/ahmos/Downloads/avr8-gnu-toolchain-4.0.0.52-win32.any.x86_64/avr8-gnu-toolchain-win32_x86_64/bin/../lib/gcc/avr/15.1.0/avr5\libgcc.a(_exit.o)
                              C:/Program Files/Microchip/MPLABX/v6.30/packs/Microchip/ATmega_DFP/3.5.296/gcc/dev/atmega32a/avr5/crtatmega32a.o (exit)
C:/Users/ahmos/Downloads/avr8-gnu-toolchain-4.0.0.52-win32.any.x86_64/avr8-gnu-toolchain-win32_x86_64/bin/../lib/gcc/avr/15.1.0/avr5\libgcc.a(_copy_data.o)
                              build/default/production/newmain.o (__do_copy_data)
C:/Users/ahmos/Downloads/avr8-gnu-toolchain-4.0.0.52-win32.any.x86_64/avr8-gnu-toolchain-win32_x86_64/bin/../lib/gcc/avr/15.1.0/avr5\libgcc.a(_clear_bss.o)
                              build/default/production/newmain.o (__do_clear_bss)
C:/Users/ahmos/Downloads/avr8-gnu-toolchain-4.0.0.52-win32.any.x86_64/avr8-gnu-toolchain-win32_x86_64/bin/../lib/gcc/avr/15.1.0/avr5\libgcc.a(_prologue.o)
                              C:/Users/ahmos/Downloads/avr8-gnu-toolchain-4.0.0.52-win32.any.x86_64/avr8-gnu-toolchain-win32_x86_64/bin/../lib/gcc/avr/15.1.0/../../../../avr/lib/avr5\libprintf_flt.a(vfprintf_flt.o) (__prologue_saves__)
C:/Users/ahmos/Downloads/avr8-gnu-toolchain-4.0.0.52-win32.any.x86_64/avr8-gnu-toolchain-win32_x86_64/bin/../lib/gcc/avr/15.1.0/avr5\libgcc.a(_epilogue.o)
                              C:/Users/ahmos/Downloads/avr8-gnu-toolchain-4.0.0.52-win32.any.x86_64/avr8-gnu-toolchain-win32_x86_64/bin/../lib/gcc/avr/15.1.0/../../../../avr/lib/avr5\libprintf_flt.a(vfprintf_flt.o) (__epilogue_restores__)
C:/Users/ahmos/Downloads/avr8-gnu-toolchain-4.0.0.52-win32.any.x86_64/avr8-gnu-toolchain-win32_x86_64/bin/../lib/gcc/avr/15.1.0/../../../../avr/lib/avr5\libc.a(ftoa_engine.o)
                              C:/Users/ahmos/Downloads/avr8-gnu-toolchain-4.0.0.52-win32.any.x86_64/avr8-gnu-toolchain-win32_x86_64/bin/../lib/gcc/avr/15.1.0/../../../../avr/lib/avr5\libprintf_flt.a(vfprintf_flt.o) (__ftoa_engine)
C:/Users/ahmos/Downloads/avr8-gnu-toolchain-4.0.0.52-win32.any.x86_64/avr8-gnu-toolchain-win32_x86_64/bin/../lib/gcc/avr/15.1.0/../../../../avr/lib/avr5\libc.a(strnlen_P.o)
                              C:/Users/ahmos/Downloads/avr8-gnu-toolchain-4.0.0.52-win32.any.x86_64/avr8-gnu-toolchain-win32_x86_64/bin/../lib/gcc/avr/15.1.0/../../../../avr/lib/avr5\libprintf_flt.a(vfprintf_flt.o) (strnlen_P)
C:/Users/ahmos/Downloads/avr8-gnu-toolchain-4.0.0.52-win32.any.x86_64/avr8-gnu-toolchain-win32_x86_64/bin/../lib/gcc/avr/15.1.0/../../../../avr/lib/avr5\libc.a(strnlen.o)
                              C:/Users/ahmos/Downloads/avr8-gnu-toolchain-4.0.0.52-win32.any.x86_64/avr8-gnu-toolchain-win32_x86_64/bin/../lib/gcc/avr/15.1.0/../../../../avr/lib/avr5\libprintf_flt.a(vfprintf_flt.o) (strnlen)
C:/Users/ahmos/Downloads/avr8-gnu-toolchain-4.0.0.52-win32.any.x86_64/avr8-gnu-toolchain-win32_x86_64/bin/../lib/gcc/avr/15.1.0/../../../../avr/lib/avr5\libc.a(fputc.o)
                              C:/Users/ahmos/Downloads/avr8-gnu-toolchain-4.0.0.52-win32.any.x86_64/avr8-gnu-toolchain-win32_x86_64/bin/../lib/gcc/avr/15.1.0/../../../../avr/lib/avr5\libprintf_flt.a(vfprintf_flt.o) (fputc)
C:/Users/ahmos/Downloads/avr8-gnu-toolchain-4.0.0.52-win32.any.x86_64/avr8-gnu-toolchain-win32_x86_64/bin/../lib/gcc/avr/15.1.0/../../../../avr/lib/avr5\libc.a(sprintf.o)
                              build/default/production/newmain.o (sprintf)
C:/Users/ahmos/Downloads/avr8-gnu-toolchain-4.0.0.52-win32.any.x86_64/avr8-gnu-toolchain-win32_x86_64/bin/../lib/gcc/avr/15.1.0/../../../../avr/lib/avr5\libc.a(ultoa_invert.o)
                              C:/Users/ahmos/Downloads/avr8-gnu-toolchain-4.0.0.52-win32.any.x86_64/avr8-gnu-toolchain-win32_x86_64/bin/../lib/gcc/avr/15.1.0/../../../../avr/lib/avr5\libprintf_flt.a(vfprintf_flt.o) (__ultoa_invert)

Discarded input sections

 .data          0x00000000        0x0 C:/Program Files/Microchip/MPLABX/v6.30/packs/Microchip/ATmega_DFP/3.5.296/gcc/dev/atmega32a/avr5/crtatmega32a.o
 .bss           0x00000000        0x0 C:/Program Files/Microchip/MPLABX/v6.30/packs/Microchip/ATmega_DFP/3.5.296/gcc/dev/atmega32a/avr5/crtatmega32a.o
 .text          0x00000000        0x0 C:/Users/ahmos/Downloads/avr8-gnu-toolchain-4.0.0.52-win32.any.x86_64/avr8-gnu-toolchain-win32_x86_64/bin/../lib/gcc/avr/15.1.0/../../../../avr/lib/avr5\libprintf_flt.a(vfprintf_flt.o)
 .data          0x00000000        0x0 C:/Users/ahmos/Downloads/avr8-gnu-toolchain-4.0.0.52-win32.any.x86_64/avr8-gnu-toolchain-win32_x86_64/bin/../lib/gcc/avr/15.1.0/../../../../avr/lib/avr5\libprintf_flt.a(vfprintf_flt.o)
 .bss           0x00000000        0x0 C:/Users/ahmos/Downloads/avr8-gnu-toolchain-4.0.0.52-win32.any.x86_64/avr8-gnu-toolchain-win32_x86_64/bin/../lib/gcc/avr/15.1.0/../../../../avr/lib/avr5\libprintf_flt.a(vfprintf_flt.o)
 .text          0x00000000        0x0 build/default/production/newmain.o
 .data          0x00000000        0x0 build/default/production/newmain.o
 .bss           0x00000000        0x0 build/default/production/newmain.o
 .text          0x00000000        0x0 build/default/production/my_lcd.o
 .data          0x00000000        0x0 build/default/production/my_lcd.o
 .bss           0x00000000        0x0 build/default/production/my_lcd.o
 .text.LCD_Clear
                0x00000000       0x18 build/default/production/my_lcd.o
 .text.lcd_create_char
                0x00000000       0x2e build/default/production/my_lcd.o
 .text.LCD_Read_Char
                0x00000000       0x40 build/default/production/my_lcd.o
 .text          0x00000000        0x0 C:/Users/ahmos/Downloads/avr8-gnu-toolchain-4.0.0.52-win32.any.x86_64/avr8-gnu-toolchain-win32_x86_64/bin/../lib/gcc/avr/15.1.0/../../../../avr/lib/avr5\libm.a(floatsisf.o)
 .data          0x00000000        0x0 C:/Users/ahmos/Downloads/avr8-gnu-toolchain-4.0.0.52-win32.any.x86_64/avr8-gnu-toolchain-win32_x86_64/bin/../lib/gcc/avr/15.1.0/../../../../avr/lib/avr5\libm.a(floatsisf.o)
 .bss           0x00000000        0x0 C:/Users/ahmos/Downloads/avr8-gnu-toolchain-4.0.0.52-win32.any.x86_64/avr8-gnu-toolchain-win32_x86_64/bin/../lib/gcc/avr/15.1.0/../../../../avr/lib/avr5\libm.a(floatsisf.o)
 .text          0x00000000        0x0 C:/Users/ahmos/Downloads/avr8-gnu-toolchain-4.0.0.52-win32.any.x86_64/avr8-gnu-toolchain-win32_x86_64/bin/../lib/gcc/avr/15.1.0/../../../../avr/lib/avr5\libm.a(mulsf3.o)
 .data          0x00000000        0x0 C:/Users/ahmos/Downloads/avr8-gnu-toolchain-4.0.0.52-win32.any.x86_64/avr8-gnu-toolchain-win32_x86_64/bin/../lib/gcc/avr/15.1.0/../../../../avr/lib/avr5\libm.a(mulsf3.o)
 .bss           0x00000000        0x0 C:/Users/ahmos/Downloads/avr8-gnu-toolchain-4.0.0.52-win32.any.x86_64/avr8-gnu-toolchain-win32_x86_64/bin/../lib/gcc/avr/15.1.0/../../../../avr/lib/avr5\libm.a(mulsf3.o)
 .text          0x00000000        0x0 C:/Users/ahmos/Downloads/avr8-gnu-toolchain-4.0.0.52-win32.any.x86_64/avr8-gnu-toolchain-win32_x86_64/bin/../lib/gcc/avr/15.1.0/../../../../avr/lib/avr5\libm.a(mulsf3x.o)
 .data          0x00000000        0x0 C:/Users/ahmos/Downloads/avr8-gnu-toolchain-4.0.0.52-win32.any.x86_64/avr8-gnu-toolchain-win32_x86_64/bin/../lib/gcc/avr/15.1.0/../../../../avr/lib/avr5\libm.a(mulsf3x.o)
 .bss           0x00000000        0x0 C:/Users/ahmos/Downloads/avr8-gnu-toolchain-4.0.0.52-win32.any.x86_64/avr8-gnu-toolchain-win32_x86_64/bin/../lib/gcc/avr/15.1.0/../../../../avr/lib/avr5\libm.a(mulsf3x.o)
 .text          0x00000000        0x0 C:/Users/ahmos/Downloads/avr8-gnu-toolchain-4.0.0.52-win32.any.x86_64/avr8-gnu-toolchain-win32_x86_64/bin/../lib/gcc/avr/15.1.0/../../../../avr/lib/avr5\libm.a(fp_inf.o)
 .data          0x00000000        0x0 C:/Users/ahmos/Downloads/avr8-gnu-toolchain-4.0.0.52-win32.any.x86_64/avr8-gnu-toolchain-win32_x86_64/bin/../lib/gcc/avr/15.1.0/../../../../avr/lib/avr5\libm.a(fp_inf.o)
 .bss           0x00000000        0x0 C:/Users/ahmos/Downloads/avr8-gnu-toolchain-4.0.0.52-win32.any.x86_64/avr8-gnu-toolchain-win32_x86_64/bin/../lib/gcc/avr/15.1.0/../../../../avr/lib/avr5\libm.a(fp_inf.o)
 .text          0x00000000        0x0 C:/Users/ahmos/Downloads/avr8-gnu-toolchain-4.0.0.52-win32.any.x86_64/avr8-gnu-toolchain-win32_x86_64/bin/../lib/gcc/avr/15.1.0/../../../../avr/lib/avr5\libm.a(fp_nan.o)
 .data          0x00000000        0x0 C:/Users/ahmos/Downloads/avr8-gnu-toolchain-4.0.0.52-win32.any.x86_64/avr8-gnu-toolchain-win32_x86_64/bin/../lib/gcc/avr/15.1.0/../../../../avr/lib/avr5\libm.a(fp_nan.o)
 .bss           0x00000000        0x0 C:/Users/ahmos/Downloads/avr8-gnu-toolchain-4.0.0.52-win32.any.x86_64/avr8-gnu-toolchain-win32_x86_64/bin/../lib/gcc/avr/15.1.0/../../../../avr/lib/avr5\libm.a(fp_nan.o)
 .text          0x00000000        0x0 C:/Users/ahmos/Downloads/avr8-gnu-toolchain-4.0.0.52-win32.any.x86_64/avr8-gnu-toolchain-win32_x86_64/bin/../lib/gcc/avr/15.1.0/../../../../avr/lib/avr5\libm.a(fp_pscA.o)
 .data          0x00000000        0x0 C:/Users/ahmos/Downloads/avr8-gnu-toolchain-4.0.0.52-win32.any.x86_64/avr8-gnu-toolchain-win32_x86_64/bin/../lib/gcc/avr/15.1.0/../../../../avr/lib/avr5\libm.a(fp_pscA.o)
 .bss           0x00000000        0x0 C:/Users/ahmos/Downloads/avr8-gnu-toolchain-4.0.0.52-win32.any.x86_64/avr8-gnu-toolchain-win32_x86_64/bin/../lib/gcc/avr/15.1.0/../../../../avr/lib/avr5\libm.a(fp_pscA.o)
 .text          0x00000000        0x0 C:/Users/ahmos/Downloads/avr8-gnu-toolchain-4.0.0.52-win32.any.x86_64/avr8-gnu-toolchain-win32_x86_64/bin/../lib/gcc/avr/15.1.0/../../../../avr/lib/avr5\libm.a(fp_pscB.o)
 .data          0x00000000        0x0 C:/Users/ahmos/Downloads/avr8-gnu-toolchain-4.0.0.52-win32.any.x86_64/avr8-gnu-toolchain-win32_x86_64/bin/../lib/gcc/avr/15.1.0/../../../../avr/lib/avr5\libm.a(fp_pscB.o)
 .bss           0x00000000        0x0 C:/Users/ahmos/Downloads/avr8-gnu-toolchain-4.0.0.52-win32.any.x86_64/avr8-gnu-toolchain-win32_x86_64/bin/../lib/gcc/avr/15.1.0/../../../../avr/lib/avr5\libm.a(fp_pscB.o)
 .text          0x00000000        0x0 C:/Users/ahmos/Downloads/avr8-gnu-toolchain-4.0.0.52-win32.any.x86_64/avr8-gnu-toolchain-win32_x86_64/bin/../lib/gcc/avr/15.1.0/../../../../avr/lib/avr5\libm.a(fp_round.o)
 .data          0x00000000        0x0 C:/Users/ahmos/Downloads/avr8-gnu-toolchain-4.0.0.52-win32.any.x86_64/avr8-gnu-toolchain-win32_x86_64/bin/../lib/gcc/avr/15.1.0/../../../../avr/lib/avr5\libm.a(fp_round.o)
 .bss           0x00000000        0x0 C:/Users/ahmos/Downloads/avr8-gnu-toolchain-4.0.0.52-win32.any.x86_64/avr8-gnu-toolchain-win32_x86_64/bin/../lib/gcc/avr/15.1.0/../../../../avr/lib/avr5\libm.a(fp_round.o)
 .text          0x00000000        0x0 C:/Users/ahmos/Downloads/avr8-gnu-toolchain-4.0.0.52-win32.any.x86_64/avr8-gnu-toolchain-win32_x86_64/bin/../lib/gcc/avr/15.1.0/../../../../avr/lib/avr5\libm.a(fp_split3.o)
 .data          0x00000000        0x0 C:/Users/ahmos/Downloads/avr8-gnu-toolchain-4.0.0.52-win32.any.x86_64/avr8-gnu-toolchain-win32_x86_64/bin/../lib/gcc/avr/15.1.0/../../../../avr/lib/avr5\libm.a(fp_split3.o)
 .bss           0x00000000        0x0 C:/Users/ahmos/Downloads/avr8-gnu-toolchain-4.0.0.52-win32.any.x86_64/avr8-gnu-toolchain-win32_x86_64/bin/../lib/gcc/avr/15.1.0/../../../../avr/lib/avr5\libm.a(fp_split3.o)
 .text          0x00000000        0x0 C:/Users/ahmos/Downloads/avr8-gnu-toolchain-4.0.0.52-win32.any.x86_64/avr8-gnu-toolchain-win32_x86_64/bin/../lib/gcc/avr/15.1.0/../../../../avr/lib/avr5\libm.a(fp_zero.o)
 .data          0x00000000        0x0 C:/Users/ahmos/Downloads/avr8-gnu-toolchain-4.0.0.52-win32.any.x86_64/avr8-gnu-toolchain-win32_x86_64/bin/../lib/gcc/avr/15.1.0/../../../../avr/lib/avr5\libm.a(fp_zero.o)
 .bss           0x00000000        0x0 C:/Users/ahmos/Downloads/avr8-gnu-toolchain-4.0.0.52-win32.any.x86_64/avr8-gnu-toolchain-win32_x86_64/bin/../lib/gcc/avr/15.1.0/../../../../avr/lib/avr5\libm.a(fp_zero.o)
 .text          0x00000000        0x0 C:/Users/ahmos/Downloads/avr8-gnu-toolchain-4.0.0.52-win32.any.x86_64/avr8-gnu-toolchain-win32_x86_64/bin/../lib/gcc/avr/15.1.0/avr5\libgcc.a(_negsi2.o)
 .data          0x00000000        0x0 C:/Users/ahmos/Downloads/avr8-gnu-toolchain-4.0.0.52-win32.any.x86_64/avr8-gnu-toolchain-win32_x86_64/bin/../lib/gcc/avr/15.1.0/avr5\libgcc.a(_negsi2.o)
 .bss           0x00000000        0x0 C:/Users/ahmos/Downloads/avr8-gnu-toolchain-4.0.0.52-win32.any.x86_64/avr8-gnu-toolchain-win32_x86_64/bin/../lib/gcc/avr/15.1.0/avr5\libgcc.a(_negsi2.o)
 .text.libgcc.mul
                0x00000000        0x0 C:/Users/ahmos/Downloads/avr8-gnu-toolchain-4.0.0.52-win32.any.x86_64/avr8-gnu-toolchain-win32_x86_64/bin/../lib/gcc/avr/15.1.0/avr5\libgcc.a(_negsi2.o)
 .text.libgcc   0x00000000        0x0 C:/Users/ahmos/Downloads/avr8-gnu-toolchain-4.0.0.52-win32.any.x86_64/avr8-gnu-toolchain-win32_x86_64/bin/../lib/gcc/avr/15.1.0/avr5\libgcc.a(_negsi2.o)
 .text.libgcc.prologue
                0x00000000        0x0 C:/Users/ahmos/Downloads/avr8-gnu-toolchain-4.0.0.52-win32.any.x86_64/avr8-gnu-toolchain-win32_x86_64/bin/../lib/gcc/avr/15.1.0/avr5\libgcc.a(_negsi2.o)
 .text.libgcc.builtins
                0x00000000        0x0 C:/Users/ahmos/Downloads/avr8-gnu-toolchain-4.0.0.52-win32.any.x86_64/avr8-gnu-toolchain-win32_x86_64/bin/../lib/gcc/avr/15.1.0/avr5\libgcc.a(_negsi2.o)
 .text.libgcc.fmul
                0x00000000        0x0 C:/Users/ahmos/Downloads/avr8-gnu-toolchain-4.0.0.52-win32.any.x86_64/avr8-gnu-toolchain-win32_x86_64/bin/../lib/gcc/avr/15.1.0/avr5\libgcc.a(_negsi2.o)
 .text.libgcc.fixed
                0x00000000        0x0 C:/Users/ahmos/Downloads/avr8-gnu-toolchain-4.0.0.52-win32.any.x86_64/avr8-gnu-toolchain-win32_x86_64/bin/../lib/gcc/avr/15.1.0/avr5\libgcc.a(_negsi2.o)
 .text          0x00000000        0x0 C:/Users/ahmos/Downloads/avr8-gnu-toolchain-4.0.0.52-win32.any.x86_64/avr8-gnu-toolchain-win32_x86_64/bin/../lib/gcc/avr/15.1.0/avr5\libgcc.a(_exit.o)
 .data          0x00000000        0x0 C:/Users/ahmos/Downloads/avr8-gnu-toolchain-4.0.0.52-win32.any.x86_64/avr8-gnu-toolchain-win32_x86_64/bin/../lib/gcc/avr/15.1.0/avr5\libgcc.a(_exit.o)
 .bss           0x00000000        0x0 C:/Users/ahmos/Downloads/avr8-gnu-toolchain-4.0.0.52-win32.any.x86_64/avr8-gnu-toolchain-win32_x86_64/bin/../lib/gcc/avr/15.1.0/avr5\libgcc.a(_exit.o)
 .text.libgcc.mul
                0x00000000        0x0 C:/Users/ahmos/Downloads/avr8-gnu-toolchain-4.0.0.52-win32.any.x86_64/avr8-gnu-toolchain-win32_x86_64/bin/../lib/gcc/avr/15.1.0/avr5\libgcc.a(_exit.o)
 .text.libgcc.div
                0x00000000        0x0 C:/Users/ahmos/Downloads/avr8-gnu-toolchain-4.0.0.52-win32.any.x86_64/avr8-gnu-toolchain-win32_x86_64/bin/../lib/gcc/avr/15.1.0/avr5\libgcc.a(_exit.o)
 .text.libgcc   0x00000000        0x0 C:/Users/ahmos/Downloads/avr8-gnu-toolchain-4.0.0.52-win32.any.x86_64/avr8-gnu-toolchain-win32_x86_64/bin/../lib/gcc/avr/15.1.0/avr5\libgcc.a(_exit.o)
 .text.libgcc.prologue
                0x00000000        0x0 C:/Users/ahmos/Downloads/avr8-gnu-toolchain-4.0.0.52-win32.any.x86_64/avr8-gnu-toolchain-win32_x86_64/bin/../lib/gcc/avr/15.1.0/avr5\libgcc.a(_exit.o)
 .text.libgcc.builtins
                0x00000000        0x0 C:/Users/ahmos/Downloads/avr8-gnu-toolchain-4.0.0.52-win32.any.x86_64/avr8-gnu-toolchain-win32_x86_64/bin/../lib/gcc/avr/15.1.0/avr5\libgcc.a(_exit.o)
 .text.libgcc.fmul
                0x00000000        0x0 C:/Users/ahmos/Downloads/avr8-gnu-toolchain-4.0.0.52-win32.any.x86_64/avr8-gnu-toolchain-win32_x86_64/bin/../lib/gcc/avr/15.1.0/avr5\libgcc.a(_exit.o)
 .text.libgcc.fixed
                0x00000000        0x0 C:/Users/ahmos/Downloads/avr8-gnu-toolchain-4.0.0.52-win32.any.x86_64/avr8-gnu-toolchain-win32_x86_64/bin/../lib/gcc/avr/15.1.0/avr5\libgcc.a(_exit.o)
 .text          0x00000000        0x0 C:/Users/ahmos/Downloads/avr8-gnu-toolchain-4.0.0.52-win32.any.x86_64/avr8-gnu-toolchain-win32_x86_64/bin/../lib/gcc/avr/15.1.0/avr5\libgcc.a(_copy_data.o)
 .data          0x00000000        0x0 C:/Users/ahmos/Downloads/avr8-gnu-toolchain-4.0.0.52-win32.any.x86_64/avr8-gnu-toolchain-win32_x86_64/bin/../lib/gcc/avr/15.1.0/avr5\libgcc.a(_copy_data.o)
 .bss           0x00000000        0x0 C:/Users/ahmos/Downloads/avr8-gnu-toolchain-4.0.0.52-win32.any.x86_64/avr8-gnu-toolchain-win32_x86_64/bin/../lib/gcc/avr/15.1.0/avr5\libgcc.a(_copy_data.o)
 .text.libgcc.mul
                0x00000000        0x0 C:/Users/ahmos/Downloads/avr8-gnu-toolchain-4.0.0.52-win32.any.x86_64/avr8-gnu-toolchain-win32_x86_64/bin/../lib/gcc/avr/15.1.0/avr5\libgcc.a(_copy_data.o)
 .text.libgcc.div
                0x00000000        0x0 C:/Users/ahmos/Downloads/avr8-gnu-toolchain-4.0.0.52-win32.any.x86_64/avr8-gnu-toolchain-win32_x86_64/bin/../lib/gcc/avr/15.1.0/avr5\libgcc.a(_copy_data.o)
 .text.libgcc   0x00000000        0x0 C:/Users/ahmos/Downloads/avr8-gnu-toolchain-4.0.0.52-win32.any.x86_64/avr8-gnu-toolchain-win32_x86_64/bin/../lib/gcc/avr/15.1.0/avr5\libgcc.a(_copy_data.o)
 .text.libgcc.prologue
                0x00000000        0x0 C:/Users/ahmos/Downloads/avr8-gnu-toolchain-4.0.0.52-win32.any.x86_64/avr8-gnu-toolchain-win32_x86_64/bin/../lib/gcc/avr/15.1.0/avr5\libgcc.a(_copy_data.o)
 .text.libgcc.builtins
                0x00000000        0x0 C:/Users/ahmos/Downloads/avr8-gnu-toolchain-4.0.0.52-win32.any.x86_64/avr8-gnu-toolchain-win32_x86_64/bin/../lib/gcc/avr/15.1.0/avr5\libgcc.a(_copy_data.o)
 .text.libgcc.fmul
                0x00000000        0x0 C:/Users/ahmos/Downloads/avr8-gnu-toolchain-4.0.0.52-win32.any.x86_64/avr8-gnu-toolchain-win32_x86_64/bin/../lib/gcc/avr/15.1.0/avr5\libgcc.a(_copy_data.o)
 .text.libgcc.fixed
                0x00000000        0x0 C:/Users/ahmos/Downloads/avr8-gnu-toolchain-4.0.0.52-win32.any.x86_64/avr8-gnu-toolchain-win32_x86_64/bin/../lib/gcc/avr/15.1.0/avr5\libgcc.a(_copy_data.o)
 .text          0x00000000        0x0 C:/Users/ahmos/Downloads/avr8-gnu-toolchain-4.0.0.52-win32.any.x86_64/avr8-gnu-toolchain-win32_x86_64/bin/../lib/gcc/avr/15.1.0/avr5\libgcc.a(_clear_bss.o)
 .data          0x00000000        0x0 C:/Users/ahmos/Downloads/avr8-gnu-toolchain-4.0.0.52-win32.any.x86_64/avr8-gnu-toolchain-win32_x86_64/bin/../lib/gcc/avr/15.1.0/avr5\libgcc.a(_clear_bss.o)
 .bss           0x00000000        0x0 C:/Users/ahmos/Downloads/avr8-gnu-toolchain-4.0.0.52-win32.any.x86_64/avr8-gnu-toolchain-win32_x86_64/bin/../lib/gcc/avr/15.1.0/avr5\libgcc.a(_clear_bss.o)
 .text.libgcc.mul
                0x00000000        0x0 C:/Users/ahmos/Downloads/avr8-gnu-toolchain-4.0.0.52-win32.any.x86_64/avr8-gnu-toolchain-win32_x86_64/bin/../lib/gcc/avr/15.1.0/avr5\libgcc.a(_clear_bss.o)
 .text.libgcc.div
                0x00000000        0x0 C:/Users/ahmos/Downloads/avr8-gnu-toolchain-4.0.0.52-win32.any.x86_64/avr8-gnu-toolchain-win32_x86_64/bin/../lib/gcc/avr/15.1.0/avr5\libgcc.a(_clear_bss.o)
 .text.libgcc   0x00000000        0x0 C:/Users/ahmos/Downloads/avr8-gnu-toolchain-4.0.0.52-win32.any.x86_64/avr8-gnu-toolchain-win32_x86_64/bin/../lib/gcc/avr/15.1.0/avr5\libgcc.a(_clear_bss.o)
 .text.libgcc.prologue
                0x00000000        0x0 C:/Users/ahmos/Downloads/avr8-gnu-toolchain-4.0.0.52-win32.any.x86_64/avr8-gnu-toolchain-win32_x86_64/bin/../lib/gcc/avr/15.1.0/avr5\libgcc.a(_clear_bss.o)
 .text.libgcc.builtins
                0x00000000        0x0 C:/Users/ahmos/Downloads/avr8-gnu-toolchain-4.0.0.52-win32.any.x86_64/avr8-gnu-toolchain-win32_x86_64/bin/../lib/gcc/avr/15.1.0/avr5\libgcc.a(_clear_bss.o)
 .text.libgcc.fmul
                0x00000000        0x0 C:/Users/ahmos/Downloads/avr8-gnu-toolchain-4.0.0.52-win32.any.x86_64/avr8-gnu-toolchain-win32_x86_64/bin/../lib/gcc/avr/15.1.0/avr5\libgcc.a(_clear_bss.o)
 .text.libgcc.fixed
                0x00000000        0x0 C:/Users/ahmos/Downloads/avr8-gnu-toolchain-4.0.0.52-win32.any.x86_64/avr8-gnu-toolchain-win32_x86_64/bin/../lib/gcc/avr/15.1.0/avr5\libgcc.a(_clear_bss.o)
 .text          0x00000000        0x0 C:/Users/ahmos/Downloads/avr8-gnu-toolchain-4.0.0.52-win32.any.x86_64/avr8-gnu-toolchain-win32_x86_64/bin/../lib/gcc/avr/15.1.0/avr5\libgcc.a(_prologue.o)
 .data          0x00000000        0x0 C:/Users/ahmos/Downloads/avr8-gnu-toolchain-4.0.0.52-win32.any.x86_64/avr8-gnu-toolchain-win32_x86_64/bin/../lib/gcc/avr/15.1.0/avr5\libgcc.a(_prologue.o)
 .bss           0x00000000        0x0 C:/Users/ahmos/Downloads/avr8-gnu-toolchain-4.0.0.52-win32.any.x86_64/avr8-gnu-toolchain-win32_x86_64/bin/../lib/gcc/avr/15.1.0/avr5\libgcc.a(_prologue.o)
 .text.libgcc.mul
                0x00000000        0x0 C:/Users/ahmos/Downloads/avr8-gnu-toolchain-4.0.0.52-win32.any.x86_64/avr8-gnu-toolchain-win32_x86_64/bin/../lib/gcc/avr/15.1.0/avr5\libgcc.a(_prologue.o)
 .text.libgcc.div
                0x00000000        0x0 C:/Users/ahmos/Downloads/avr8-gnu-toolchain-4.0.0.52-win32.any.x86_64/avr8-gnu-toolchain-win32_x86_64/bin/../lib/gcc/avr/15.1.0/avr5\libgcc.a(_prologue.o)
 .text.libgcc   0x00000000        0x0 C:/Users/ahmos/Downloads/avr8-gnu-toolchain-4.0.0.52-win32.any.x86_64/avr8-gnu-toolchain-win32_x86_64/bin/../lib/gcc/avr/15.1.0/avr5\libgcc.a(_prologue.o)
 .text.libgcc.builtins
                0x00000000        0x0 C:/Users/ahmos/Downloads/avr8-gnu-toolchain-4.0.0.52-win32.any.x86_64/avr8-gnu-toolchain-win32_x86_64/bin/../lib/gcc/avr/15.1.0/avr5\libgcc.a(_prologue.o)
 .text.libgcc.fmul
                0x00000000        0x0 C:/Users/ahmos/Downloads/avr8-gnu-toolchain-4.0.0.52-win32.any.x86_64/avr8-gnu-toolchain-win32_x86_64/bin/../lib/gcc/avr/15.1.0/avr5\libgcc.a(_prologue.o)
 .text.libgcc.fixed
                0x00000000        0x0 C:/Users/ahmos/Downloads/avr8-gnu-toolchain-4.0.0.52-win32.any.x86_64/avr8-gnu-toolchain-win32_x86_64/bin/../lib/gcc/avr/15.1.0/avr5\libgcc.a(_prologue.o)
 .text          0x00000000        0x0 C:/Users/ahmos/Downloads/avr8-gnu-toolchain-4.0.0.52-win32.any.x86_64/avr8-gnu-toolchain-win32_x86_64/bin/../lib/gcc/avr/15.1.0/avr5\libgcc.a(_epilogue.o)
 .data          0x00000000        0x0 C:/Users/ahmos/Downloads/avr8-gnu-toolchain-4.0.0.52-win32.any.x86_64/avr8-gnu-toolchain-win32_x86_64/bin/../lib/gcc/avr/15.1.0/avr5\libgcc.a(_epilogue.o)
 .bss           0x00000000        0x0 C:/Users/ahmos/Downloads/avr8-gnu-toolchain-4.0.0.52-win32.any.x86_64/avr8-gnu-toolchain-win32_x86_64/bin/../lib/gcc/avr/15.1.0/avr5\libgcc.a(_epilogue.o)
 .text.libgcc.mul
                0x00000000        0x0 C:/Users/ahmos/Downloads/avr8-gnu-toolchain-4.0.0.52-win32.any.x86_64/avr8-gnu-toolchain-win32_x86_64/bin/../lib/gcc/avr/15.1.0/avr5\libgcc.a(_epilogue.o)
 .text.libgcc.div
                0x00000000        0x0 C:/Users/ahmos/Downloads/avr8-gnu-toolchain-4.0.0.52-win32.any.x86_64/avr8-gnu-toolchain-win32_x86_64/bin/../lib/gcc/avr/15.1.0/avr5\libgcc.a(_epilogue.o)
 .text.libgcc   0x00000000        0x0 C:/Users/ahmos/Downloads/avr8-gnu-toolchain-4.0.0.52-win32.any.x86_64/avr8-gnu-toolchain-win32_x86_64/bin/../lib/gcc/avr/15.1.0/avr5\libgcc.a(_epilogue.o)
 .text.libgcc.builtins
                0x00000000        0x0 C:/Users/ahmos/Downloads/avr8-gnu-toolchain-4.0.0.52-win32.any.x86_64/avr8-gnu-toolchain-win32_x86_64/bin/../lib/gcc/avr/15.1.0/avr5\libgcc.a(_epilogue.o)
 .text.libgcc.fmul
                0x00000000        0x0 C:/Users/ahmos/Downloads/avr8-gnu-toolchain-4.0.0.52-win32.any.x86_64/avr8-gnu-toolchain-win32_x86_64/bin/../lib/gcc/avr/15.1.0/avr5\libgcc.a(_epilogue.o)
 .text.libgcc.fixed
                0x00000000        0x0 C:/Users/ahmos/Downloads/avr8-gnu-toolchain-4.0.0.52-win32.any.x86_64/avr8-gnu-toolchain-win32_x86_64/bin/../lib/gcc/avr/15.1.0/avr5\libgcc.a(_epilogue.o)
 .text          0x00000000        0x0 C:/Users/ahmos/Downloads/avr8-gnu-toolchain-4.0.0.52-win32.any.x86_64/avr8-gnu-toolchain-win32_x86_64/bin/../lib/gcc/avr/15.1.0/../../../../avr/lib/avr5\libc.a(ftoa_engine.o)
 .data          0x00000000        0x0 C:/Users/ahmos/Downloads/avr8-gnu-toolchain-4.0.0.52-win32.any.x86_64/avr8-gnu-toolchain-win32_x86_64/bin/../lib/gcc/avr/15.1.0/../../../../avr/lib/avr5\libc.a(ftoa_engine.o)
 .bss           0x00000000        0x0 C:/Users/ahmos/Downloads/avr8-gnu-toolchain-4.0.0.52-win32.any.x86_64/avr8-gnu-toolchain-win32_x86_64/bin/../lib/gcc/avr/15.1.0/../../../../avr/lib/avr5\libc.a(ftoa_engine.o)
 .text          0x00000000        0x0 C:/Users/ahmos/Downloads/avr8-gnu-toolchain-4.0.0.52-win32.any.x86_64/avr8-gnu-toolchain-win32_x86_64/bin/../lib/gcc/avr/15.1.0/../../../../avr/lib/avr5\libc.a(strnlen_P.o)
 .data          0x00000000        0x0 C:/Users/ahmos/Downloads/avr8-gnu-toolchain-4.0.0.52-win32.any.x86_64/avr8-gnu-toolchain-win32_x86_64/bin/../lib/gcc/avr/15.1.0/../../../../avr/lib/avr5\libc.a(strnlen_P.o)
 .bss           0x00000000        0x0 C:/Users/ahmos/Downloads/avr8-gnu-toolchain-4.0.0.52-win32.any.x86_64/avr8-gnu-toolchain-win32_x86_64/bin/../lib/gcc/avr/15.1.0/../../../../avr/lib/avr5\libc.a(strnlen_P.o)
 .text          0x00000000        0x0 C:/Users/ahmos/Downloads/avr8-gnu-toolchain-4.0.0.52-win32.any.x86_64/avr8-gnu-toolchain-win32_x86_64/bin/../lib/gcc/avr/15.1.0/../../../../avr/lib/avr5\libc.a(strnlen.o)
 .data          0x00000000        0x0 C:/Users/ahmos/Downloads/avr8-gnu-toolchain-4.0.0.52-win32.any.x86_64/avr8-gnu-toolchain-win32_x86_64/bin/../lib/gcc/avr/15.1.0/../../../../avr/lib/avr5\libc.a(strnlen.o)
 .bss           0x00000000        0x0 C:/Users/ahmos/Downloads/avr8-gnu-toolchain-4.0.0.52-win32.any.x86_64/avr8-gnu-toolchain-win32_x86_64/bin/../lib/gcc/avr/15.1.0/../../../../avr/lib/avr5\libc.a(strnlen.o)
 .text          0x00000000        0x0 C:/Users/ahmos/Downloads/avr8-gnu-toolchain-4.0.0.52-win32.any.x86_64/avr8-gnu-toolchain-win32_x86_64/bin/../lib/gcc/avr/15.1.0/../../../../avr/lib/avr5\libc.a(fputc.o)
 .data          0x00000000        0x0 C:/Users/ahmos/Downloads/avr8-gnu-toolchain-4.0.0.52-win32.any.x86_64/avr8-gnu-toolchain-win32_x86_64/bin/../lib/gcc/avr/15.1.0/../../../../avr/lib/avr5\libc.a(fputc.o)
 .bss           0x00000000        0x0 C:/Users/ahmos/Downloads/avr8-gnu-toolchain-4.0.0.52-win32.any.x86_64/avr8-gnu-toolchain-win32_x86_64/bin/../lib/gcc/avr/15.1.0/../../../../avr/lib/avr5\libc.a(fputc.o)
 .text          0x00000000        0x0 C:/Users/ahmos/Downloads/avr8-gnu-toolchain-4.0.0.52-win32.any.x86_64/avr8-gnu-toolchain-win32_x86_64/bin/../lib/gcc/avr/15.1.0/../../../../avr/lib/avr5\libc.a(sprintf.o)
 .data          0x00000000        0x0 C:/Users/ahmos/Downloads/avr8-gnu-toolchain-4.0.0.52-win32.any.x86_64/avr8-gnu-toolchain-win32_x86_64/bin/../lib/gcc/avr/15.1.0/../../../../avr/lib/avr5\libc.a(sprintf.o)
 .bss           0x00000000        0x0 C:/Users/ahmos/Downloads/avr8-gnu-toolchain-4.0.0.52-win32.any.x86_64/avr8-gnu-toolchain-win32_x86_64/bin/../lib/gcc/avr/15.1.0/../../../../avr/lib/avr5\libc.a(sprintf.o)
 .text          0x00000000        0x0 C:/Users/ahmos/Downloads/avr8-gnu-toolchain-4.0.0.52-win32.any.x86_64/avr8-gnu-toolchain-win32_x86_64/bin/../lib/gcc/avr/15.1.0/../../../../avr/lib/avr5\libc.a(ultoa_invert.o)
 .data          0x00000000        0x0 C:/Users/ahmos/Downloads/avr8-gnu-toolchain-4.0.0.52-win32.any.x86_64/avr8-gnu-toolchain-win32_x86_64/bin/../lib/gcc/avr/15.1.0/../../../../avr/lib/avr5\libc.a(ultoa_invert.o)
 .bss           0x00000000        0x0 C:/Users/ahmos/Downloads/avr8-gnu-toolchain-4.0.0.52-win32.any.x86_64/avr8-gnu-toolchain-win32_x86_64/bin/../lib/gcc/avr/15.1.0/../../../../avr/lib/avr5\libc.a(ultoa_invert.o)

Memory Configuration

Name             Origin             Length             Attributes
text             0x00000000         0x00008000         xr
data             0x00800060         0x00000800         rw!x
eeprom           0x00810000         0x00000400         rw!x
fuse             0x00820000         0x00000002         rw!x
lock             0x00830000         0x00000400         rw!x
signature        0x00840000         0x00000400         rw!x
user_signatures  0x00850000         0x00000400         rw!x
*default*        0x00000000         0xffffffff

Linker script and memory map

LOAD C:/Program Files/Microchip/MPLABX/v6.30/packs/Microchip/ATmega_DFP/3.5.296/gcc/dev/atmega32a/avr5/crtatmega32a.o
LOAD C:/Users/ahmos/Downloads/avr8-gnu-toolchain-4.0.0.52-win32.any.x86_64/avr8-gnu-toolchain-win32_x86_64/bin/../lib/gcc/avr/15.1.0/../../../../avr/lib/avr5\libprintf_flt.a
LOAD C:/Users/ahmos/Downloads/avr8-gnu-toolchain-4.0.0.52-win32.any.x86_64/avr8-gnu-toolchain-win32_x86_64/bin/../lib/gcc/avr/15.1.0/../../../../avr/lib/avr5\libm.a
LOAD build/default/production/newmain.o
LOAD build/default/production/my_lcd.o
                0x00000001                        __MPLAB_BUILD = 0x1
START GROUP
LOAD C:/Users/ahmos/Downloads/avr8-gnu-toolchain-4.0.0.52-win32.any.x86_64/avr8-gnu-toolchain-win32_x86_64/bin/../lib/gcc/avr/15.1.0/../../../../avr/lib/avr5\libm.a
END GROUP
START GROUP
LOAD C:/Users/ahmos/Downloads/avr8-gnu-toolchain-4.0.0.52-win32.any.x86_64/avr8-gnu-toolchain-win32_x86_64/bin/../lib/gcc/avr/15.1.0/avr5\libgcc.a
LOAD C:/Users/ahmos/Downloads/avr8-gnu-toolchain-4.0.0.52-win32.any.x86_64/avr8-gnu-toolchain-win32_x86_64/bin/../lib/gcc/avr/15.1.0/../../../../avr/lib/avr5\libm.a
LOAD C:/Users/ahmos/Downloads/avr8-gnu-toolchain-4.0.0.52-win32.any.x86_64/avr8-gnu-toolchain-win32_x86_64/bin/../lib/gcc/avr/15.1.0/../../../../avr/lib/avr5\libc.a
LOAD C:/Program Files/Microchip/MPLABX/v6.30/packs/Microchip/ATmega_DFP/3.5.296/gcc/dev/atmega32a/avr5\libatmega32a.a
END GROUP
                [0x00000000]                      __TEXT_REGION_ORIGIN__ = DEFINED (__TEXT_REGION_ORIGIN__)?__TEXT_REGION_ORIGIN__:0x0
                [0x00008000]                      __TEXT_REGION_LENGTH__ = DEFINED (__TEXT_REGION_LENGTH__)?__TEXT_REGION_LENGTH__:0x20000
                [0x00800060]                      __DATA_REGION_ORIGIN__ = DEFINED (__DATA_REGION_ORIGIN__)?__DATA_REGION_ORIGIN__:0x800060
                [0x00000800]                      __DATA_REGION_LENGTH__ = DEFINED (__DATA_REGION_LENGTH__)?__DATA_REGION_LENGTH__:0xffa0
                [0x00000400]                      __EEPROM_REGION_LENGTH__ = DEFINED (__EEPROM_REGION_LENGTH__)?__EEPROM_REGION_LENGTH__:0x10000
                [0x00000002]                      __FUSE_REGION_LENGTH__ = DEFINED (__FUSE_REGION_LENGTH__)?__FUSE_REGION_LENGTH__:0x400
                0x00000400                        __LOCK_REGION_LENGTH__ = DEFINED (__LOCK_REGION_LENGTH__)?__LOCK_REGION_LENGTH__:0x400
                0x00000400                        __SIGNATURE_REGION_LENGTH__ = DEFINED (__SIGNATURE_REGION_LENGTH__)?__SIGNATURE_REGION_LENGTH__:0x400
                0x00000400                        __USER_SIGNATURE_REGION_LENGTH__ = DEFINED (__USER_SIGNATURE_REGION_LENGTH__)?__USER_SIGNATURE_REGION_LENGTH__:0x400

.hash
 *(.hash)

.dynsym
 *(.dynsym)

.dynstr
 *(.dynstr)

.gnu.version
 *(.gnu.version)

.gnu.version_d
 *(.gnu.version_d)

.gnu.version_r
 *(.gnu.version_r)

.rel.init
 *(.rel.init)

.rela.init
 *(.rela.init)

.rel.text
 *(.rel.text)
 *(.rel.text.*)
 *(.rel.gnu.linkonce.t*)

.rela.text
 *(.rela.text)
 *(.rela.text.*)
 *(.rela.gnu.linkonce.t*)

.rel.fini
 *(.rel.fini)

.rela.fini
 *(.rela.fini)

.rel.rodata
 *(.rel.rodata)
 *(.rel.rodata.*)
 *(.rel.gnu.linkonce.r*)

.rela.rodata
 *(.rela.rodata)
 *(.rela.rodata.*)
 *(.rela.gnu.linkonce.r*)

.rel.data
 *(.rel.data)
 *(.rel.data.*)
 *(.rel.gnu.linkonce.d*)

.rela.data
 *(.rela.data)
 *(.rela.data.*)
 *(.rela.gnu.linkonce.d*)

.rel.ctors
 *(.rel.ctors)

.rela.ctors
 *(.rela.ctors)

.rel.dtors
 *(.rel.dtors)

.rela.dtors
 *(.rela.dtors)

.rel.got
 *(.rel.got)

.rela.got
 *(.rela.got)

.rel.bss
 *(.rel.bss)

.rela.bss
 *(.rela.bss)

.rel.plt
 *(.rel.plt)

.rela.plt
 *(.rela.plt)

.text           0x00000000     0x10d0
 *(.vectors)
 .vectors       0x00000000       0x54 C:/Program Files/Microchip/MPLABX/v6.30/packs/Microchip/ATmega_DFP/3.5.296/gcc/dev/atmega32a/avr5/crtatmega32a.o
                0x00000000                __vector_default
                0x00000000                __vectors
 *(.vectors)
 *(.progmem.gcc*)
                0x00000054                        . = ALIGN (0x2)
                0x00000054                        __trampolines_start = .
 *(.trampolines)
 .trampolines   0x00000054        0x0 linker stubs
 *(.trampolines*)
                0x00000054                        __trampolines_end = .
 *libprintf_flt.a:*(.progmem.data)
 .progmem.data  0x00000054        0x8 C:/Users/ahmos/Downloads/avr8-gnu-toolchain-4.0.0.52-win32.any.x86_64/avr8-gnu-toolchain-win32_x86_64/bin/../lib/gcc/avr/15.1.0/../../../../avr/lib/avr5\libprintf_flt.a(vfprintf_flt.o)
 *libc.a:*(.progmem.data)
 *(.progmem.*)
                0x0000005c                        . = ALIGN (0x2)
 *(.lowtext)
 *(.lowtext*)
                0x0000005c                        __ctors_start = .
 *(.ctors)
                0x0000005c                        __ctors_end = .
                0x0000005c                        __dtors_start = .
 *(.dtors)
                0x0000005c                        __dtors_end = .
 SORT_BY_NAME(*)(.ctors)
 SORT_BY_NAME(*)(.dtors)
 *(.init0)
 .init0         0x0000005c        0x0 C:/Program Files/Microchip/MPLABX/v6.30/packs/Microchip/ATmega_DFP/3.5.296/gcc/dev/atmega32a/avr5/crtatmega32a.o
                0x0000005c                __init
 *(.init0)
 *(.init1)
 *(.init1)
 *(.init2)
 .init2         0x0000005c        0xc C:/Program Files/Microchip/MPLABX/v6.30/packs/Microchip/ATmega_DFP/3.5.296/gcc/dev/atmega32a/avr5/crtatmega32a.o
 *(.init2)
 *(.init3)
 *(.init3)
 *(.init4)
 .init4         0x00000068       0x16 C:/Users/ahmos/Downloads/avr8-gnu-toolchain-4.0.0.52-win32.any.x86_64/avr8-gnu-toolchain-win32_x86_64/bin/../lib/gcc/avr/15.1.0/avr5\libgcc.a(_copy_data.o)
                0x00000068                __do_copy_data
 .init4         0x0000007e       0x10 C:/Users/ahmos/Downloads/avr8-gnu-toolchain-4.0.0.52-win32.any.x86_64/avr8-gnu-toolchain-win32_x86_64/bin/../lib/gcc/avr/15.1.0/avr5\libgcc.a(_clear_bss.o)
                0x0000007e                __do_clear_bss
 *(.init4)
 *(.init5)
 *(.init5)
 *(.init6)
 *(.init6)
 *(.init7)
 *(.init7)
 *(.init8)
 *(.init8)
 *(.init9)
 .init9         0x0000008e        0x8 C:/Program Files/Microchip/MPLABX/v6.30/packs/Microchip/ATmega_DFP/3.5.296/gcc/dev/atmega32a/avr5/crtatmega32a.o
 *(.init9)
 *(.text)
 .text          0x00000096        0x4 C:/Program Files/Microchip/MPLABX/v6.30/packs/Microchip/ATmega_DFP/3.5.296/gcc/dev/atmega32a/avr5/crtatmega32a.o
                0x00000096                __vector_12
                0x00000096                __bad_interrupt
                0x00000096                __vector_6
                0x00000096                __vector_3
                0x00000096                __vector_11
                0x00000096                __vector_13
                0x00000096                __vector_17
                0x00000096                __vector_19
                0x00000096                __vector_7
                0x00000096                __vector_5
                0x00000096                __vector_4
                0x00000096                __vector_9
                0x00000096                __vector_2
                0x00000096                __vector_15
                0x00000096                __vector_8
                0x00000096                __vector_14
                0x00000096                __vector_10
                0x00000096                __vector_16
                0x00000096                __vector_18
                0x00000096                __vector_20
                0x0000009a                        . = ALIGN (0x2)
 *(.text.*)
 .text.avr-libc
                0x0000009a      0x708 C:/Users/ahmos/Downloads/avr8-gnu-toolchain-4.0.0.52-win32.any.x86_64/avr8-gnu-toolchain-win32_x86_64/bin/../lib/gcc/avr/15.1.0/../../../../avr/lib/avr5\libprintf_flt.a(vfprintf_flt.o)
                0x0000009a                vfprintf
 .text.__vector_1
                0x000007a2        0xc build/default/production/newmain.o
                0x000007a2                __vector_1
 .text.ReadVoltage
                0x000007ae       0x8a build/default/production/newmain.o
                0x000007ae                ReadVoltage
 .text.main     0x00000838       0x92 build/default/production/newmain.o
                0x00000838                main
 .text.LCD_Command
                0x000008ca       0x46 build/default/production/my_lcd.o
                0x000008ca                LCD_Command
 .text.LCD_Char
                0x00000910       0x46 build/default/production/my_lcd.o
                0x00000910                LCD_Char
 .text.LCD_Init
                0x00000956       0x3a build/default/production/my_lcd.o
                0x00000956                LCD_Init
 .text.LCD_String
                0x00000990       0x20 build/default/production/my_lcd.o
                0x00000990                LCD_String
 .text.LCD_String_xy
                0x000009b0       0x46 build/default/production/my_lcd.o
                0x000009b0                LCD_String_xy
 .text.LCD_Gotoxy
                0x000009f6       0x28 build/default/production/my_lcd.o
                0x000009f6                LCD_Gotoxy
 .text.avr-libc.fplib
                0x00000a1e       0x7a C:/Users/ahmos/Downloads/avr8-gnu-toolchain-4.0.0.52-win32.any.x86_64/avr8-gnu-toolchain-win32_x86_64/bin/../lib/gcc/avr/15.1.0/../../../../avr/lib/avr5\libm.a(floatsisf.o)
                0x00000a1e                __floatunsisf
                0x00000a22                __floatsisf
 .text.avr-libc.fplib
                0x00000a98        0x8 C:/Users/ahmos/Downloads/avr8-gnu-toolchain-4.0.0.52-win32.any.x86_64/avr8-gnu-toolchain-win32_x86_64/bin/../lib/gcc/avr/15.1.0/../../../../avr/lib/avr5\libm.a(mulsf3.o)
                0x00000a98                __mulsf3
 .text.avr-libc.fplib
                0x00000aa0       0xd2 C:/Users/ahmos/Downloads/avr8-gnu-toolchain-4.0.0.52-win32.any.x86_64/avr8-gnu-toolchain-win32_x86_64/bin/../lib/gcc/avr/15.1.0/../../../../avr/lib/avr5\libm.a(mulsf3x.o)
                0x00000abe                __mulsf3x
                0x00000ac4                __mulsf3_pse
 .text.avr-libc.fplib
                0x00000b72        0xc C:/Users/ahmos/Downloads/avr8-gnu-toolchain-4.0.0.52-win32.any.x86_64/avr8-gnu-toolchain-win32_x86_64/bin/../lib/gcc/avr/15.1.0/../../../../avr/lib/avr5\libm.a(fp_inf.o)
                0x00000b72                __fp_inf
 .text.avr-libc.fplib
                0x00000b7e        0x6 C:/Users/ahmos/Downloads/avr8-gnu-toolchain-4.0.0.52-win32.any.x86_64/avr8-gnu-toolchain-win32_x86_64/bin/../lib/gcc/avr/15.1.0/../../../../avr/lib/avr5\libm.a(fp_nan.o)
                0x00000b7e                __fp_nan
 .text.avr-libc.fplib
                0x00000b84        0xe C:/Users/ahmos/Downloads/avr8-gnu-toolchain-4.0.0.52-win32.any.x86_64/avr8-gnu-toolchain-win32_x86_64/bin/../lib/gcc/avr/15.1.0/../../../../avr/lib/avr5\libm.a(fp_pscA.o)
                0x00000b84                __fp_pscA
 .text.avr-libc.fplib
                0x00000b92        0xe C:/Users/ahmos/Downloads/avr8-gnu-toolchain-4.0.0.52-win32.any.x86_64/avr8-gnu-toolchain-win32_x86_64/bin/../lib/gcc/avr/15.1.0/../../../../avr/lib/avr5\libm.a(fp_pscB.o)
                0x00000b92                __fp_pscB
 .text.avr-libc.fplib
                0x00000ba0       0x22 C:/Users/ahmos/Downloads/avr8-gnu-toolchain-4.0.0.52-win32.any.x86_64/avr8-gnu-toolchain-win32_x86_64/bin/../lib/gcc/avr/15.1.0/../../../../avr/lib/avr5\libm.a(fp_round.o)
                0x00000ba0                __fp_round
 .text.avr-libc.fplib
                0x00000bc2       0x44 C:/Users/ahmos/Downloads/avr8-gnu-toolchain-4.0.0.52-win32.any.x86_64/avr8-gnu-toolchain-win32_x86_64/bin/../lib/gcc/avr/15.1.0/../../../../avr/lib/avr5\libm.a(fp_split3.o)
                0x00000bc2                __fp_split3
                0x00000bd2                __fp_splitA
 .text.avr-libc.fplib
                0x00000c06        0xe C:/Users/ahmos/Downloads/avr8-gnu-toolchain-4.0.0.52-win32.any.x86_64/avr8-gnu-toolchain-win32_x86_64/bin/../lib/gcc/avr/15.1.0/../../../../avr/lib/avr5\libm.a(fp_zero.o)
                0x00000c06                __fp_zero
                0x00000c08                __fp_szero
 .text.libgcc.div
                0x00000c14       0x10 C:/Users/ahmos/Downloads/avr8-gnu-toolchain-4.0.0.52-win32.any.x86_64/avr8-gnu-toolchain-win32_x86_64/bin/../lib/gcc/avr/15.1.0/avr5\libgcc.a(_negsi2.o)
                0x00000c14                __negsi2
 .text.libgcc.prologue
                0x00000c24       0x38 C:/Users/ahmos/Downloads/avr8-gnu-toolchain-4.0.0.52-win32.any.x86_64/avr8-gnu-toolchain-win32_x86_64/bin/../lib/gcc/avr/15.1.0/avr5\libgcc.a(_prologue.o)
                0x00000c24                __prologue_saves__
 .text.libgcc.prologue
                0x00000c5c       0x36 C:/Users/ahmos/Downloads/avr8-gnu-toolchain-4.0.0.52-win32.any.x86_64/avr8-gnu-toolchain-win32_x86_64/bin/../lib/gcc/avr/15.1.0/avr5\libgcc.a(_epilogue.o)
                0x00000c5c                __epilogue_restores__
 .text.avr-libc
                0x00000c92      0x1b0 C:/Users/ahmos/Downloads/avr8-gnu-toolchain-4.0.0.52-win32.any.x86_64/avr8-gnu-toolchain-win32_x86_64/bin/../lib/gcc/avr/15.1.0/../../../../avr/lib/avr5\libc.a(ftoa_engine.o)
                0x00000c92                __ftoa_engine
 .text.avr-libc
                0x00000e42       0x16 C:/Users/ahmos/Downloads/avr8-gnu-toolchain-4.0.0.52-win32.any.x86_64/avr8-gnu-toolchain-win32_x86_64/bin/../lib/gcc/avr/15.1.0/../../../../avr/lib/avr5\libc.a(strnlen_P.o)
                0x00000e42                strnlen_P
 .text.avr-libc
                0x00000e58       0x16 C:/Users/ahmos/Downloads/avr8-gnu-toolchain-4.0.0.52-win32.any.x86_64/avr8-gnu-toolchain-win32_x86_64/bin/../lib/gcc/avr/15.1.0/../../../../avr/lib/avr5\libc.a(strnlen.o)
                0x00000e58                strnlen
 .text.avr-libc
                0x00000e6e       0x60 C:/Users/ahmos/Downloads/avr8-gnu-toolchain-4.0.0.52-win32.any.x86_64/avr8-gnu-toolchain-win32_x86_64/bin/../lib/gcc/avr/15.1.0/../../../../avr/lib/avr5\libc.a(fputc.o)
                0x00000e6e                fputc
 .text.avr-libc
                0x00000ece       0x48 C:/Users/ahmos/Downloads/avr8-gnu-toolchain-4.0.0.52-win32.any.x86_64/avr8-gnu-toolchain-win32_x86_64/bin/../lib/gcc/avr/15.1.0/../../../../avr/lib/avr5\libc.a(sprintf.o)
                0x00000ece                sprintf
 .text.avr-libc
                0x00000f16       0xbc C:/Users/ahmos/Downloads/avr8-gnu-toolchain-4.0.0.52-win32.any.x86_64/avr8-gnu-toolchain-win32_x86_64/bin/../lib/gcc/avr/15.1.0/../../../../avr/lib/avr5\libc.a(ultoa_invert.o)
                0x00000f16                __ultoa_invert
                0x00000fd2                        . = ALIGN (0x2)
 *(.fini9)
 .fini9         0x00000fd2        0x0 C:/Users/ahmos/Downloads/avr8-gnu-toolchain-4.0.0.52-win32.any.x86_64/avr8-gnu-toolchain-win32_x86_64/bin/../lib/gcc/avr/15.1.0/avr5\libgcc.a(_exit.o)
                0x00000fd2                _exit
                0x00000fd2                exit
 *(.fini9)
 *(.fini8)
 *(.fini8)
 *(.fini7)
 *(.fini7)
 *(.fini6)
 *(.fini6)
 *(.fini5)
 *(.fini5)
 *(.fini4)
 *(.fini4)
 *(.fini3)
 *(.fini3)
 *(.fini2)
 *(.fini2)
 *(.fini1)
 *(.fini1)
 *(.fini0)
 .fini0         0x00000fd2        0x4 C:/Users/ahmos/Downloads/avr8-gnu-toolchain-4.0.0.52-win32.any.x86_64/avr8-gnu-toolchain-win32_x86_64/bin/../lib/gcc/avr/15.1.0/avr5\libgcc.a(_exit.o)
 *(.fini0)
 *(.hightext)
 *(.hightext*)
 *(.progmemx.*)
 .progmemx.data.ftoa_engine
                0x00000fd6       0xfa C:/Users/ahmos/Downloads/avr8-gnu-toolchain-4.0.0.52-win32.any.x86_64/avr8-gnu-toolchain-win32_x86_64/bin/../lib/gcc/avr/15.1.0/../../../../avr/lib/avr5\libc.a(ftoa_engine.o)
                0x000010d0                        . = ALIGN (0x2)
 *(.jumptables)
 *(.jumptables*)
                0x000010d0                        _etext = .

.data           0x00800060       0x22 load address 0x000010d0
                0x00800060                        PROVIDE (__data_start = .)
 *(.data)
 *(.data*)
 *(.gnu.linkonce.d*)
 *(.rodata)
 *(.rodata*)
 .rodata.ReadVoltage.str1.1
                0x00800060       0x21 build/default/production/newmain.o
                                 0x10 (size before relaxing)
 .rodata.main.str1.1
                0x00800081       0x11 build/default/production/newmain.o
 *(.gnu.linkonce.r*)
                0x00800092                        . = ALIGN (0x2)
 *fill*         0x00800081        0x1 
                0x00800082                        _edata = .
                0x00800082                        PROVIDE (__data_end = .)

.bss            0x00800082       0x18
                0x00800082                        PROVIDE (__bss_start = .)
 *(.bss)
 *(.bss*)
 .bss.message   0x00800082       0x11 build/default/production/newmain.o
                0x00800082                message
 .bss.adc_val   0x00800093        0x2 build/default/production/newmain.o
                0x00800093                adc_val
 .bss.analog    0x00800095        0x4 build/default/production/newmain.o
                0x00800095                analog
 .bss.button_pressed
                0x00800099        0x1 build/default/production/newmain.o
                0x00800099                button_pressed
 *(COMMON)
                0x0080009a                        PROVIDE (__bss_end = .)
                0x000010d0                        __data_load_start = LOADADDR (.data)
                0x000010f2                        __data_load_end = (__data_load_start + SIZEOF (.data))

.noinit         0x0080009a        0x0
                [!provide]                        PROVIDE (__noinit_start = .)
 *(.noinit .noinit.* .gnu.linkonce.n.*)
                [!provide]                        PROVIDE (__noinit_end = .)
                0x0080009a                        _end = .
                [!provide]                        PROVIDE (__heap_start = .)
                0x00000000                        __flmap_init_label = DEFINED (__flmap_noinit_start)?__flmap_noinit_start:0x0
                0x00000000                        __flmap = DEFINED (__flmap)?__flmap:0x0

.eeprom         0x00810000        0x0
 *(.eeprom*)
                0x00810000                        __eeprom_end = .

.fuse
 *(.fuse)
 *(.lfuse)
 *(.hfuse)
 *(.efuse)

.lock
 *(.lock*)

.signature
 *(.signature*)

.stab
 *(.stab)

.stabstr
 *(.stabstr)

.stab.excl
 *(.stab.excl)

.stab.exclstr
 *(.stab.exclstr)

.stab.index
 *(.stab.index)

.stab.indexstr
 *(.stab.indexstr)

.comment        0x00000000       0x5c
 *(.comment)
 .comment       0x00000000       0x5c C:/Users/ahmos/Downloads/avr8-gnu-toolchain-4.0.0.52-win32.any.x86_64/avr8-gnu-toolchain-win32_x86_64/bin/../lib/gcc/avr/15.1.0/../../../../avr/lib/avr5\libprintf_flt.a(vfprintf_flt.o)
                                 0x2e (size before relaxing)
 .comment       0x0000005c       0x30 build/default/production/newmain.o
 .comment       0x0000005c       0x30 build/default/production/my_lcd.o
 .comment       0x0000005c       0x30 C:/Users/ahmos/Downloads/avr8-gnu-toolchain-4.0.0.52-win32.any.x86_64/avr8-gnu-toolchain-win32_x86_64/bin/../lib/gcc/avr/15.1.0/../../../../avr/lib/avr5\libc.a(fputc.o)
 .comment       0x0000005c       0x30 C:/Users/ahmos/Downloads/avr8-gnu-toolchain-4.0.0.52-win32.any.x86_64/avr8-gnu-toolchain-win32_x86_64/bin/../lib/gcc/avr/15.1.0/../../../../avr/lib/avr5\libc.a(sprintf.o)

.note.gnu.avr.deviceinfo
                0x00000000       0x3c
 .note.gnu.avr.deviceinfo
                0x00000000       0x3c C:/Program Files/Microchip/MPLABX/v6.30/packs/Microchip/ATmega_DFP/3.5.296/gcc/dev/atmega32a/avr5/crtatmega32a.o

.gnu.build.attributes
 *(.gnu.build.attributes .gnu.build.attributes.*)

.note.gnu.build-id
 *(.note.gnu.build-id)

.debug
 *(.debug)

.line
 *(.line)

.debug_srcinfo
 *(.debug_srcinfo)

.debug_sfnames
 *(.debug_sfnames)

.debug_aranges
 *(.debug_aranges)

.debug_pubnames
 *(.debug_pubnames)

.debug_info     0x00000000      0x4e6
 *(.debug_info .gnu.linkonce.wi.*)
 .debug_info    0x00000000      0x4e6 C:/Program Files/Microchip/MPLABX/v6.30/packs/Microchip/ATmega_DFP/3.5.296/gcc/dev/atmega32a/avr5/crtatmega32a.o

.debug_abbrev   0x00000000      0x4a3
 *(.debug_abbrev)
 .debug_abbrev  0x00000000      0x4a3 C:/Program Files/Microchip/MPLABX/v6.30/packs/Microchip/ATmega_DFP/3.5.296/gcc/dev/atmega32a/avr5/crtatmega32a.o

.debug_line     0x00000000      0x116
 *(.debug_line .debug_line.* .debug_line_end)
 .debug_line    0x00000000      0x116 C:/Program Files/Microchip/MPLABX/v6.30/packs/Microchip/ATmega_DFP/3.5.296/gcc/dev/atmega32a/avr5/crtatmega32a.o

.debug_frame
 *(.debug_frame)

.debug_str      0x00000000      0x196
 *(.debug_str)
 .debug_str     0x00000000      0x196 C:/Program Files/Microchip/MPLABX/v6.30/packs/Microchip/ATmega_DFP/3.5.296/gcc/dev/atmega32a/avr5/crtatmega32a.o

.debug_loc
 *(.debug_loc)

.debug_macinfo
 *(.debug_macinfo)

.debug_weaknames
 *(.debug_weaknames)

.debug_funcnames
 *(.debug_funcnames)

.debug_typenames
 *(.debug_typenames)

.debug_varnames
 *(.debug_varnames)

.debug_pubtypes
 *(.debug_pubtypes)

.debug_ranges
 *(.debug_ranges)

.debug_addr
 *(.debug_addr)

.debug_line_str
 *(.debug_line_str)

.debug_loclists
 *(.debug_loclists)

.debug_macro
 *(.debug_macro)

.debug_names
 *(.debug_names)

.debug_rnglists
 *(.debug_rnglists)

.debug_str_offsets
 *(.debug_str_offsets)

.debug_sup
 *(.debug_sup)
OUTPUT(dist/default/production/LCD-1.X.production.elf elf32-avr)
LOAD linker stubs
